// Jest Snapshot v1, https://goo.gl/fbAQLP

exports[`DisabledField should render 1`] = `
<div>
  <div
    class="pf-v6-c-card"
    data-ouia-component-id="OUIA-Generated-Card-_r_0_"
    data-ouia-component-type="PF6/Card"
    data-ouia-safe="true"
    id=""
  >
    <div
      class="pf-v6-c-card__title"
    >
      <div
        class="pf-v6-c-card__title-text"
      >
        test
      </div>
    </div>
    <div
      class="pf-v6-c-card__body"
    >
      <p>
        Configuring this field is not yet supported
      </p>
      <div
        class="pf-v6-c-expandable-section"
      >
        <div
          class="pf-v6-c-expandable-section__toggle"
        >
          <button
            aria-controls="expandable-section-content"
            aria-expanded="false"
            class="pf-v6-c-button pf-m-link"
            data-ouia-component-id="OUIA-Generated-Button-link-_r_3_"
            data-ouia-component-type="PF6/Button"
            data-ouia-safe="true"
            id="expandable-section-toggle-test"
            type="button"
          >
            <span
              class="pf-v6-c-button__icon pf-m-start"
            >
              <span
                class="pf-v6-c-expandable-section__toggle-icon"
              >
                <svg
                  aria-hidden="true"
                  class="pf-v6-svg"
                  fill="currentColor"
                  height="1em"
                  role="img"
                  viewBox="0 0 20 20"
                  width="1em"
                >
                  <path
                    d="M18.71 5.29a.996.996 0 0 0-1.41 0l-7.29 7.29-7.3-7.29a.987.987 0 0 0-1.41-.02.987.987 0 0 0-.02 1.41l.02.02 7.65 7.65c.29.29.68.44 1.06.44s.77-.15 1.06-.44l7.65-7.65a.996.996 0 0 0 0-1.41Z"
                  />
                </svg>
              </span>
            </span>
            <span
              class="pf-v6-c-button__text"
            >
              Test properties
            </span>
          </button>
        </div>
        <div
          aria-labelledby="expandable-section-toggle-test"
          class="pf-v6-c-expandable-section__content"
          hidden=""
          id="expandable-section-content"
          role="region"
        >
          <code>
            <pre>
              {
  "data-testid": "disabled-field-id",
  "propName": "test"
}
            </pre>
          </code>
        </div>
      </div>
    </div>
  </div>
</div>
`;
